This is pdfTeX, Version 3.141592653-2.6-1.40.27 (TeX Live 2026/dev/Arch Linux) (preloaded format=pdflatex)
 restricted \write18 enabled.
entering extended mode
(./cheatsheet.tex
LaTeX2e <2024-11-01> patch level 2
L3 programming layer <2025-01-18>
(/usr/share/texmf-dist/tex/latex/base/article.cls
Document Class: article 2024/06/29 v1.4n Standard LaTeX document class
(/usr/share/texmf-dist/tex/latex/base/size10.clo))
(/usr/share/texmf-dist/tex/latex/base/inputenc.sty)
(/usr/share/texmf-dist/tex/generic/babel/babel.sty
(/usr/share/texmf-dist/tex/generic/babel/txtbabel.def)
(/usr/share/texmf-dist/tex/generic/babel-english/english.ldf))
(/usr/share/texmf-dist/tex/generic/babel/locale/en/babel-english.tex)
(/usr/share/texmf-dist/tex/latex/amsmath/amsmath.sty
For additional information on amsmath, use the `?' option.
(/usr/share/texmf-dist/tex/latex/amsmath/amstext.sty
(/usr/share/texmf-dist/tex/latex/amsmath/amsgen.sty))
(/usr/share/texmf-dist/tex/latex/amsmath/amsbsy.sty)
(/usr/share/texmf-dist/tex/latex/amsmath/amsopn.sty))
(/usr/share/texmf-dist/tex/latex/amsfonts/amsfonts.sty)
(/usr/share/texmf-dist/tex/latex/amscls/amsthm.sty)
(/usr/share/texmf-dist/tex/latex/amsfonts/amssymb.sty)
(/usr/share/texmf-dist/tex/latex/graphics/graphicx.sty
(/usr/share/texmf-dist/tex/latex/graphics/keyval.sty)
(/usr/share/texmf-dist/tex/latex/graphics/graphics.sty
(/usr/share/texmf-dist/tex/latex/graphics/trig.sty)
(/usr/share/texmf-dist/tex/latex/graphics-cfg/graphics.cfg)
(/usr/share/texmf-dist/tex/latex/graphics-def/pdftex.def)))
(/usr/share/texmf-dist/tex/latex/float/float.sty)
(/usr/share/texmf-dist/tex/latex/geometry/geometry.sty
(/usr/share/texmf-dist/tex/generic/iftex/ifvtex.sty
(/usr/share/texmf-dist/tex/generic/iftex/iftex.sty)))
(/usr/share/texmf-dist/tex/latex/tcolorbox/tcolorbox.sty
(/usr/share/texmf-dist/tex/latex/pgf/frontendlayer/tikz.sty
(/usr/share/texmf-dist/tex/latex/pgf/basiclayer/pgf.sty
(/usr/share/texmf-dist/tex/latex/pgf/utilities/pgfrcs.sty
(/usr/share/texmf-dist/tex/generic/pgf/utilities/pgfutil-common.tex)
(/usr/share/texmf-dist/tex/generic/pgf/utilities/pgfutil-latex.def)
(/usr/share/texmf-dist/tex/generic/pgf/utilities/pgfrcs.code.tex
(/usr/share/texmf-dist/tex/generic/pgf/pgf.revision.tex)))
(/usr/share/texmf-dist/tex/latex/pgf/basiclayer/pgfcore.sty
(/usr/share/texmf-dist/tex/latex/pgf/systemlayer/pgfsys.sty
(/usr/share/texmf-dist/tex/generic/pgf/systemlayer/pgfsys.code.tex
(/usr/share/texmf-dist/tex/generic/pgf/utilities/pgfkeys.code.tex
(/usr/share/texmf-dist/tex/generic/pgf/utilities/pgfkeyslibraryfiltered.code.te
x)) (/usr/share/texmf-dist/tex/generic/pgf/systemlayer/pgf.cfg)
(/usr/share/texmf-dist/tex/generic/pgf/systemlayer/pgfsys-pdftex.def
(/usr/share/texmf-dist/tex/generic/pgf/systemlayer/pgfsys-common-pdf.def)))
(/usr/share/texmf-dist/tex/generic/pgf/systemlayer/pgfsyssoftpath.code.tex)
(/usr/share/texmf-dist/tex/generic/pgf/systemlayer/pgfsysprotocol.code.tex))
(/usr/share/texmf-dist/tex/latex/xcolor/xcolor.sty
(/usr/share/texmf-dist/tex/latex/graphics-cfg/color.cfg)
(/usr/share/texmf-dist/tex/latex/graphics/mathcolor.ltx))
(/usr/share/texmf-dist/tex/generic/pgf/basiclayer/pgfcore.code.tex
(/usr/share/texmf-dist/tex/generic/pgf/math/pgfmath.code.tex
(/usr/share/texmf-dist/tex/generic/pgf/math/pgfmathutil.code.tex)
(/usr/share/texmf-dist/tex/generic/pgf/math/pgfmathparser.code.tex)
(/usr/share/texmf-dist/tex/generic/pgf/math/pgfmathfunctions.code.tex)
(/usr/share/texmf-dist/tex/generic/pgf/math/pgfmathfunctions.basic.code.tex)
(/usr/share/texmf-dist/tex/generic/pgf/math/pgfmathfunctions.trigonometric.code
.tex)
(/usr/share/texmf-dist/tex/generic/pgf/math/pgfmathfunctions.random.code.tex)
(/usr/share/texmf-dist/tex/generic/pgf/math/pgfmathfunctions.comparison.code.te
x) (/usr/share/texmf-dist/tex/generic/pgf/math/pgfmathfunctions.base.code.tex)
(/usr/share/texmf-dist/tex/generic/pgf/math/pgfmathfunctions.round.code.tex)
(/usr/share/texmf-dist/tex/generic/pgf/math/pgfmathfunctions.misc.code.tex)
(/usr/share/texmf-dist/tex/generic/pgf/math/pgfmathfunctions.integerarithmetics
.code.tex) (/usr/share/texmf-dist/tex/generic/pgf/math/pgfmathcalc.code.tex)
(/usr/share/texmf-dist/tex/generic/pgf/math/pgfmathfloat.code.tex))
(/usr/share/texmf-dist/tex/generic/pgf/math/pgfint.code.tex)
(/usr/share/texmf-dist/tex/generic/pgf/basiclayer/pgfcorepoints.code.tex)
(/usr/share/texmf-dist/tex/generic/pgf/basiclayer/pgfcorepathconstruct.code.tex
) (/usr/share/texmf-dist/tex/generic/pgf/basiclayer/pgfcorepathusage.code.tex)
(/usr/share/texmf-dist/tex/generic/pgf/basiclayer/pgfcorescopes.code.tex)
(/usr/share/texmf-dist/tex/generic/pgf/basiclayer/pgfcoregraphicstate.code.tex)

(/usr/share/texmf-dist/tex/generic/pgf/basiclayer/pgfcoretransformations.code.t
ex) (/usr/share/texmf-dist/tex/generic/pgf/basiclayer/pgfcorequick.code.tex)
(/usr/share/texmf-dist/tex/generic/pgf/basiclayer/pgfcoreobjects.code.tex)
(/usr/share/texmf-dist/tex/generic/pgf/basiclayer/pgfcorepathprocessing.code.te
x) (/usr/share/texmf-dist/tex/generic/pgf/basiclayer/pgfcorearrows.code.tex)
(/usr/share/texmf-dist/tex/generic/pgf/basiclayer/pgfcoreshade.code.tex)
(/usr/share/texmf-dist/tex/generic/pgf/basiclayer/pgfcoreimage.code.tex)
(/usr/share/texmf-dist/tex/generic/pgf/basiclayer/pgfcoreexternal.code.tex)
(/usr/share/texmf-dist/tex/generic/pgf/basiclayer/pgfcorelayers.code.tex)
(/usr/share/texmf-dist/tex/generic/pgf/basiclayer/pgfcoretransparency.code.tex)
 (/usr/share/texmf-dist/tex/generic/pgf/basiclayer/pgfcorepatterns.code.tex)
(/usr/share/texmf-dist/tex/generic/pgf/basiclayer/pgfcorerdf.code.tex)))
(/usr/share/texmf-dist/tex/generic/pgf/modules/pgfmoduleshapes.code.tex)
(/usr/share/texmf-dist/tex/generic/pgf/modules/pgfmoduleplot.code.tex)
(/usr/share/texmf-dist/tex/latex/pgf/compatibility/pgfcomp-version-0-65.sty)
(/usr/share/texmf-dist/tex/latex/pgf/compatibility/pgfcomp-version-1-18.sty))
(/usr/share/texmf-dist/tex/latex/pgf/utilities/pgffor.sty
(/usr/share/texmf-dist/tex/latex/pgf/utilities/pgfkeys.sty
(/usr/share/texmf-dist/tex/generic/pgf/utilities/pgfkeys.code.tex))
(/usr/share/texmf-dist/tex/latex/pgf/math/pgfmath.sty
(/usr/share/texmf-dist/tex/generic/pgf/math/pgfmath.code.tex))
(/usr/share/texmf-dist/tex/generic/pgf/utilities/pgffor.code.tex))
(/usr/share/texmf-dist/tex/generic/pgf/frontendlayer/tikz/tikz.code.tex
(/usr/share/texmf-dist/tex/generic/pgf/libraries/pgflibraryplothandlers.code.te
x) (/usr/share/texmf-dist/tex/generic/pgf/modules/pgfmodulematrix.code.tex)
(/usr/share/texmf-dist/tex/generic/pgf/frontendlayer/tikz/libraries/tikzlibrary
topaths.code.tex))) (/usr/share/texmf-dist/tex/latex/tools/verbatim.sty)
(/usr/share/texmf-dist/tex/latex/environ/environ.sty
(/usr/share/texmf-dist/tex/latex/trimspaces/trimspaces.sty))
(/usr/share/texmf-dist/tex/latex/etoolbox/etoolbox.sty)
(/usr/share/texmf-dist/tex/latex/tcolorbox/tcbskins.code.tex
Library (tcolorbox): 'tcbskins.code.tex' version '6.4.1'
(/usr/share/texmf-dist/tex/latex/tikzfill/tikzfill.image.sty
(/usr/share/texmf-dist/tex/latex/tikzfill/tikzfill-common.sty)
(/usr/share/texmf-dist/tex/latex/tikzfill/tikzlibraryfill.image.code.tex))
(/usr/share/texmf-dist/tex/latex/tcolorbox/tcbskinsjigsaw.code.tex
Library (tcolorbox): 'tcbskinsjigsaw.code.tex' version '6.4.1'
))) (/usr/share/texmf-dist/tex/latex/tools/multicol.sty)
(/usr/share/texmf-dist/tex/latex/calrsfs/calrsfs.sty)
(/usr/share/texmf-dist/tex/latex/csquotes/csquotes.sty
(/usr/share/texmf-dist/tex/latex/csquotes/csquotes.def)
(/usr/share/texmf-dist/tex/latex/csquotes/csquotes.cfg))
(/usr/share/texmf-dist/tex/latex/mathtools/mathtools.sty
(/usr/share/texmf-dist/tex/latex/tools/calc.sty)
(/usr/share/texmf-dist/tex/latex/mathtools/mhsetup.sty))
(/usr/share/texmf-dist/tex/latex/hyperref/hyperref.sty
(/usr/share/texmf-dist/tex/latex/kvsetkeys/kvsetkeys.sty)
(/usr/share/texmf-dist/tex/generic/kvdefinekeys/kvdefinekeys.sty)
(/usr/share/texmf-dist/tex/generic/pdfescape/pdfescape.sty
(/usr/share/texmf-dist/tex/generic/ltxcmds/ltxcmds.sty)
(/usr/share/texmf-dist/tex/generic/pdftexcmds/pdftexcmds.sty
(/usr/share/texmf-dist/tex/generic/infwarerr/infwarerr.sty)))
(/usr/share/texmf-dist/tex/latex/hycolor/hycolor.sty)
(/usr/share/texmf-dist/tex/latex/hyperref/nameref.sty
(/usr/share/texmf-dist/tex/latex/refcount/refcount.sty)
(/usr/share/texmf-dist/tex/generic/gettitlestring/gettitlestring.sty
(/usr/share/texmf-dist/tex/latex/kvoptions/kvoptions.sty)))
(/usr/share/texmf-dist/tex/generic/stringenc/stringenc.sty)
(/usr/share/texmf-dist/tex/latex/hyperref/pd1enc.def)
(/usr/share/texmf-dist/tex/generic/intcalc/intcalc.sty)
(/usr/share/texmf-dist/tex/latex/hyperref/puenc.def)
(/usr/share/texmf-dist/tex/latex/url/url.sty)
(/usr/share/texmf-dist/tex/generic/bitset/bitset.sty
(/usr/share/texmf-dist/tex/generic/bigintcalc/bigintcalc.sty))
(/usr/share/texmf-dist/tex/latex/base/atbegshi-ltx.sty))
(/usr/share/texmf-dist/tex/latex/hyperref/hpdftex.def
(/usr/share/texmf-dist/tex/latex/base/atveryend-ltx.sty)
(/usr/share/texmf-dist/tex/latex/rerunfilecheck/rerunfilecheck.sty
(/usr/share/texmf-dist/tex/generic/uniquecounter/uniquecounter.sty)))
(/usr/share/texmf-dist/tex/latex/enumitem/enumitem.sty)
(/usr/share/texmf-dist/tex/latex/l3backend/l3backend-pdftex.def)

LaTeX Warning: Unused global option(s):
    [8pt].

(./cheatsheet.aux) (/usr/share/texmf-dist/tex/context/base/mkii/supp-pdf.mkii
[Loading MPS to PDF converter (version 2006.09.02).]
) (/usr/share/texmf-dist/tex/latex/epstopdf-pkg/epstopdf-base.sty
(/usr/share/texmf-dist/tex/latex/latexconfig/epstopdf-sys.cfg))
*geometry* driver: auto-detecting
*geometry* detected driver: pdftex
(./cheatsheet.out) (./cheatsheet.out)
(/usr/share/texmf-dist/tex/latex/amsfonts/umsa.fd)
(/usr/share/texmf-dist/tex/latex/amsfonts/umsb.fd)
(/usr/share/texmf-dist/tex/latex/calrsfs/OMSrsfs.fd)
(/usr/share/texmf-dist/tex/latex/psnfss/omszplm.fd) [1{/var/lib/texmf/fonts/map
/pdftex/updmap/pdftex.map}{/usr/share/texmf-dist/fonts/enc/dvips/cm-super/cm-su
per-ts1.enc} <./set-operations-representation.png (PNG copy)> <./set-relations-
representation.png (PNG copy)>] [2]
[3 <./distribution_function.png (PNG copy)>] (./cheatsheet.aux) )</usr/share/te
xmf-dist/fonts/type1/public/amsfonts/cm/cmbx10.pfb></usr/share/texmf-dist/fonts
/type1/public/amsfonts/cm/cmbx12.pfb></usr/share/texmf-dist/fonts/type1/public/
amsfonts/cm/cmbxti10.pfb></usr/share/texmf-dist/fonts/type1/public/amsfonts/cm/
cmex10.pfb></usr/share/texmf-dist/fonts/type1/public/amsfonts/cm/cmmi10.pfb></u
sr/share/texmf-dist/fonts/type1/public/amsfonts/cm/cmmi5.pfb></usr/share/texmf-
dist/fonts/type1/public/amsfonts/cm/cmmi6.pfb></usr/share/texmf-dist/fonts/type
1/public/amsfonts/cm/cmmi7.pfb></usr/share/texmf-dist/fonts/type1/public/amsfon
ts/cm/cmmi8.pfb></usr/share/texmf-dist/fonts/type1/public/amsfonts/cm/cmr10.pfb
></usr/share/texmf-dist/fonts/type1/public/amsfonts/cm/cmr12.pfb></usr/share/te
xmf-dist/fonts/type1/public/amsfonts/cm/cmr17.pfb></usr/share/texmf-dist/fonts/
type1/public/amsfonts/cm/cmr5.pfb></usr/share/texmf-dist/fonts/type1/public/ams
fonts/cm/cmr6.pfb></usr/share/texmf-dist/fonts/type1/public/amsfonts/cm/cmr7.pf
b></usr/share/texmf-dist/fonts/type1/public/amsfonts/cm/cmr8.pfb></usr/share/te
xmf-dist/fonts/type1/public/amsfonts/cm/cmsy10.pfb></usr/share/texmf-dist/fonts
/type1/public/amsfonts/cm/cmsy5.pfb></usr/share/texmf-dist/fonts/type1/public/a
msfonts/cm/cmsy6.pfb></usr/share/texmf-dist/fonts/type1/public/amsfonts/cm/cmsy
7.pfb></usr/share/texmf-dist/fonts/type1/public/amsfonts/cm/cmsy8.pfb></usr/sha
re/texmf-dist/fonts/type1/public/amsfonts/cm/cmti10.pfb></usr/share/texmf-dist/
fonts/type1/public/amsfonts/symbols/msbm10.pfb></usr/share/texmf-dist/fonts/typ
e1/public/cm-super/sfrm1000.pfb>
Output written on cheatsheet.pdf (3 pages, 375475 bytes).
Transcript written on cheatsheet.log.
